To honour the JVM settings for this build a single-use Daemon process will be forked. See https://docs.gradle.org/7.3/userguide/gradle_daemon.html#sec:disabling_the_daemon.
Daemon will be stopped at the end of the build 

> Configure project :
MixinGradle did not locate the diffplug APT plugin, skipping eclipse task configuration
Java: 17.0.18 JVM: 17.0.18+8-Ubuntu-125.10.1(Ubuntu) Arch: amd64
WARNING: This project is configured to use the official obfuscation mappings provided by Mojang. These mapping fall under their associated license, you should be fully aware of this license. For the latest license text, refer below, or the reference copy here: https://github.com/MinecraftForge/MCPConfig/blob/master/Mojang.md, You can hide this warning by running the `hideOfficialWarningUntilChanged` task
WARNING: (c) 2020 Microsoft Corporation. These mappings are provided "as-is" and you bear the risk of using them. You may copy and use the mappings for development purposes, but you may not redistribute the mappings complete and unmodified. Microsoft makes no warranties, express or implied, with respect to the mappings provided here.  Use and modification of this document or the source code (in any form) of Minecraft: Java Edition is governed by the Minecraft End User License Agreement available at https://account.mojang.com/documents/minecraft_eula.

> Task :downloadMcpConfig
> Task :extractSrg UP-TO-DATE
> Task :createMcpToSrg UP-TO-DATE
> Task :compileJava UP-TO-DATE

Deprecated Gradle features were used in this build, making it incompatible with Gradle 8.0.

You can use '--warning-mode all' to show the individual deprecation warnings and determine if they come from your own scripts or plugins.

See https://docs.gradle.org/7.3/userguide/command_line_interface.html#sec:command_line_warnings

BUILD SUCCESSFUL in 12s
4 actionable tasks: 1 executed, 3 up-to-date
